PMNCaecilia55Roman CaeciliaLT-Roman <PMNCaecilia55Roman.pfa
PMN_Caecilia_55_Roman_Small_Caps__Oldstyle_Figures Caecilia-RomanSC <PMN_Caecilia_55_Roman_Small_Caps__Oldstyle_Figures.pfa
PMN_Caecilia_56_Italic_Small_Caps__Oldstyle_Figures Caecilia-ItalicSC <PMN_Caecilia_56_Italic_Small_Caps__Oldstyle_Figures.pfa
PMN_Caecilia_85_Heavy_Small_Caps__Oldstyle_Figures Caecilia-HeavySC <PMN_Caecilia_85_Heavy_Small_Caps__Oldstyle_Figures.pfa
PMN_Caecilia_86_Heavy_Italic_Small_Caps__Oldstyle_Figures Caecilia-HeavyItalicSC <PMN_Caecilia_86_Heavy_Italic_Small_Caps__Oldstyle_Figures.pfa
PMN_Caecilia_LT_56_Italic CaeciliaLT-Italic <PMN_Caecilia_LT_56_Italic.pfa
PMN_Caecilia_LT_85_Heavy CaeciliaLT-Heavy <PMN_Caecilia_LT_85_Heavy.pfa
PMN_Caecilia_LT_86_Heavy_Italic CaeciliaLT-HeavyItalic <PMN_Caecilia_LT_86_Heavy_Italic.pfa
Unive	Univers <unive___.pfb
UniveObl	Univers-Oblique <univo___.pfb
UniveLig	Univers-Light <univl___.pfb
UniveLigObl	Univers-LightOblique <univlo__.pfb
UniveBol	Univers-Bold <univb___.pfb
UniveBolObl	Univers-BoldOblique <univbo__.pfb
univecon Univers-Condensed <UniveCon.pfa
univeconbol Univers-CondensedBold <UniveConBol.pfa
univeconbolobl Univers-CondensedBoldOblique <UniveConBolObl.pfa
univeconlig Univers-CondensedLight <UniveConLig.pfa
univeconligobl Univers-CondensedLightOblique <UniveConLigObl.pfa
univeconobl Univers-CondensedOblique <UniveConObl.pfa
UniveBla	Univers-Black
UniveBlaObl	Univers-BlaObl
Unive90	Univers " 0.9 ExtendFont " <unive___.pfb
UniveObl90	Univers-Oblique " 0.9 ExtendFont " <univo___.pfb
UniveBol90	Univers-Bold " 0.9 ExtendFont " <univb___.pfb
UniveBolObl90	Univers-BoldOblique " 0.9 ExtendFont " <univbo__.pfb
OMLunivemit	Univers-MathLightOblique <Univers-MathLightOblique.pfa
SyntaRom Syntax-Roman <SyntaRom.pfa
SyntaIta Syntax-Italic <SyntaIta.pfa
SyntaBol Syntax-Bold <SyntaBol.pfa
SyntaBolIta Syntax-Bold " .167 SlantFont " <SyntaBol.pfa